mint-test@minttest-virtual-machine:~$ ls -R
.:
Desktop    Downloads  Pictures  Templates
Documents  Music      Public    Videos

./Desktop:

./Documents:

./Downloads:

./Music:

./Pictures:

./Public:

./Templates:

./Videos:
mint-test@minttest-virtual-machine:~/Downloads$ ping -c 5 static-assets.codecademy.com
PING static-assets.codecademy.com (104.17.184.120) 56(84) bytes of data.
64 bytes from 104.17.184.120: icmp_seq=1 ttl=128 time=37.6 ms
64 bytes from 104.17.184.120: icmp_seq=2 ttl=128 time=50.6 ms
64 bytes from 104.17.184.120: icmp_seq=3 ttl=128 time=38.7 ms
64 bytes from 104.17.184.120: icmp_seq=4 ttl=128 time=38.0 ms
64 bytes from 104.17.184.120: icmp_seq=5 ttl=128 time=39.5 ms

--- static-assets.codecademy.com ping statistics ---
5 packets transmitted, 5 received, 0% packet loss, time 4007ms
rtt min/avg/max/mdev = 37.627/40.900/50.624/4.904 ms
mint-test@minttest-virtual-machine:~/Downloads$ curl -O https://static-assets.codecademy.com/Courses/learn-linux/nasa-media-off-platform-project/media.zip
  % Total    % Received % Xferd  Average Speed   Time    Time     Time  Current
                                 Dload  Upload   Total   Spent    Left  Speed
100  107M  100  107M    0     0  3044k      0  0:00:36  0:00:36 --:--:-- 3278k
mint-test@minttest-virtual-machine:~/Downloads$ ls -R
.:
media.zip
mint-test@minttest-virtual-machine:~/Downloads$ unzip media.zip
Archive:  media.zip
   creating: media/
  inflating: media/Apollo 8 Separation.jpg  
  inflating: media/Apollo 9 Launch.jpg  
  inflating: media/credits.txt       
  inflating: media/Mariner IV.mp4    
  inflating: media/Pathfinder.jpg    
  inflating: media/Ranger 9 Impacts Moon.mp4  
  inflating: media/Saturn Apollo Program Illustration.jpg  
  inflating: media/Saturn Apollo Program.jpg  
  inflating: media/Space Shuttle Highlights.mp4  
  inflating: media/Tsunami Waves Recorded by Voyager 1.mp3  
  inflating: media/Voyager 2 Launches.mp4  
  inflating: media/Voyager in Deep Space.jpg  
mint-test@minttest-virtual-machine:~/Downloads$ cd media
mint-test@minttest-virtual-machine:~/Downloads/media$ mkdir compressed_photos
mint-test@minttest-virtual-machine:~/Downloads/media$ mv *.jpg compressed_photos
mint-test@minttest-virtual-machine:~/Downloads/media$ tar -cJf compressed_photos
tar: Cowardly refusing to create an empty archive
Try 'tar --help' or 'tar --usage' for more information.
mint-test@minttest-virtual-machine:~/Downloads/media$ gzip -r compressed_photos
mint-test@minttest-virtual-machine:~/Downloads/media$ tar -cJf videos.tar.bz2 *.mp4
mint-test@minttest-virtual-machine:~/Downloads/media$ gzip compressed_photos
gzip: compressed_photos is a directory -- ignored
mint-test@minttest-virtual-machine:~/Downloads/media$ tar -cjf compressed_photos.tar.gz compressed_photos
mint-test@minttest-virtual-machine:~/Downloads/media$ tar -cgf audio.tar.xz *.mp3
tar: Refusing to write archive contents to terminal (missing -f option?)
tar: Error is not recoverable: exiting now
mint-test@minttest-virtual-machine:~/Downloads/media$ xz *.mp3
mint-test@minttest-virtual-machine:~/Downloads/media$ tar -cJf videos.tar.bz2 *.mp4 --remove-files
mint-test@minttest-virtual-machine:~/Downloads/media$ 


